Checking out d577973f to /root/wkrem_1/D4J/projects/Closure_39............. OK
Init local repository...................................................... OK
Tag post-fix revision...................................................... OK
Run post-checkout hook..................................................... OK
Excluding broken/flaky tests............................................... OK
Excluding broken/flaky tests............................................... OK
Initialize fixed program version........................................... OK
Apply patch................................................................ OK
Initialize buggy program version........................................... OK
Diff d577973f:9a40e654..................................................... OK
Apply patch................................................................ OK
Tag pre-fix revision....................................................... OK
Check out program version: Closure-39b..................................... OK
CatenaD4j# Tracing test files.............................................. Finished
CatenaD4j# Applying test patch............................................. Finished
CatenaD4j# Write to file................................................... Finished
CatenaD4j# Buggy program version checked out for Closure-39b2.............. Finished
CatenaD4j# Commit BUGGY version............................................ Finished
CatenaD4j# Tag BUGGY version............................................... Finished
CatenaD4j# Initialize BUGGY version........................................ Finished
CatenaD4j# Tracing src files............................................... Finished
CatenaD4j# Applying src patch.............................................. Finished
CatenaD4j# Write to file................................................... Finished
CatenaD4j# Fixed program version checked out for Closure-39f2.............. Finished
CatenaD4j# Commit FIXED version............................................ Finished
CatenaD4j# Tag FIXED version............................................... Finished
CatenaD4j# Initialize FIXED version........................................ Finished
CatenaD4j# Check out BUGGY version......................................... Finished
CatenaD4j# Clean files..................................................... Finished
CatenaD4j# Tasks all done.................................................. Finished
Reinitialized existing Git repository in /root/wkrem_1/D4J/projects/Closure_39/.git/
Closure_39_2
Closure
39
2
write_dir:/root/wkrem_1/D4J/projects/Closure_39
execute================catena4j checkout -p Closure -v 39b2 -w /root/wkrem_1/D4J/projects/Closure_39
命令为：cd /root/wkrem_1/D4J/projects/Closure_39 && defects4j compile
命令为：cd /root/wkrem_1/D4J/projects/Closure_39 && defects4j test
命令为：cd /root/wkrem_1 && ./NormalFLTBarRunner.sh /root/wkrem_1/D4J/projects/ Closure_39 /root/defects4j/
