Checking out aedce359 to /root/wkrem_2/D4J/projects/Closure_47............. OK
Init local repository...................................................... OK
Tag post-fix revision...................................................... OK
Run post-checkout hook..................................................... OK
Excluding broken/flaky tests............................................... OK
Excluding broken/flaky tests............................................... OK
Initialize fixed program version........................................... OK
Apply patch................................................................ OK
Initialize buggy program version........................................... OK
Diff aedce359:c5d7b308..................................................... OK
Apply patch................................................................ OK
Tag pre-fix revision....................................................... OK
Check out program version: Closure-47b..................................... OK
CatenaD4j# Tracing test files.............................................. Finished
CatenaD4j# Applying test patch............................................. Finished
CatenaD4j# Write to file................................................... Finished
CatenaD4j# Buggy program version checked out for Closure-47b2.............. Finished
CatenaD4j# Commit BUGGY version............................................ Finished
CatenaD4j# Tag BUGGY version............................................... Finished
CatenaD4j# Initialize BUGGY version........................................ Finished
CatenaD4j# Tracing src files............................................... Finished
CatenaD4j# Applying src patch.............................................. Finished
CatenaD4j# Write to file................................................... Finished
CatenaD4j# Fixed program version checked out for Closure-47f2.............. Finished
CatenaD4j# Commit FIXED version............................................ Finished
CatenaD4j# Tag FIXED version............................................... Finished
CatenaD4j# Initialize FIXED version........................................ Finished
CatenaD4j# Check out BUGGY version......................................... Finished
CatenaD4j# Clean files..................................................... Finished
CatenaD4j# Tasks all done.................................................. Finished
Reinitialized existing Git repository in /root/wkrem_2/D4J/projects/Closure_47/.git/
Closure_47_2
Closure
47
2
write_dir:/root/wkrem_2/D4J/projects/Closure_47
execute================catena4j checkout -p Closure -v 47b2 -w /root/wkrem_2/D4J/projects/Closure_47
命令为：cd /root/wkrem_2/D4J/projects/Closure_47 && defects4j compile
命令为：cd /root/wkrem_2/D4J/projects/Closure_47 && defects4j test
命令为：cd /root/wkrem_2 && ./NormalFLTBarRunner.sh /root/wkrem_2/D4J/projects/ Closure_47 /root/defects4j/
Traceback (most recent call last):
  File "runTBarForCatenaD4J.py", line 130, in <module>
    patch_output_dirlist = os.listdir(patch_output_root)
FileNotFoundError: [Errno 2] No such file or directory: '/root/wkrem_2/OUTPUT/NormalFL/TBar'
