Checking out e609670b to /root/wkrem_2/D4J/projects/Closure_106............ OK
Init local repository...................................................... OK
Tag post-fix revision...................................................... OK
Run post-checkout hook..................................................... OK
Excluding broken/flaky tests............................................... OK
Excluding broken/flaky tests............................................... OK
Initialize fixed program version........................................... OK
Apply patch................................................................ OK
Initialize buggy program version........................................... OK
Diff e609670b:6a36f044..................................................... OK
Apply patch................................................................ OK
Tag pre-fix revision....................................................... OK
Check out program version: Closure-106b.................................... OK
CatenaD4j# Tracing test files.............................................. Finished
CatenaD4j# Applying test patch............................................. Finished
CatenaD4j# Write to file................................................... Finished
CatenaD4j# Buggy program version checked out for Closure-106b2............. Finished
CatenaD4j# Commit BUGGY version............................................ Finished
CatenaD4j# Tag BUGGY version............................................... Finished
CatenaD4j# Initialize BUGGY version........................................ Finished
CatenaD4j# Tracing src files............................................... Finished
CatenaD4j# Applying src patch.............................................. Finished
CatenaD4j# Write to file................................................... Finished
CatenaD4j# Fixed program version checked out for Closure-106f2............. Finished
CatenaD4j# Commit FIXED version............................................ Finished
CatenaD4j# Tag FIXED version............................................... Finished
CatenaD4j# Initialize FIXED version........................................ Finished
CatenaD4j# Check out BUGGY version......................................... Finished
CatenaD4j# Clean files..................................................... Finished
CatenaD4j# Tasks all done.................................................. Finished
Reinitialized existing Git repository in /root/wkrem_2/D4J/projects/Closure_106/.git/
Closure_106_2
Closure
106
2
write_dir:/root/wkrem_2/D4J/projects/Closure_106
execute================catena4j checkout -p Closure -v 106b2 -w /root/wkrem_2/D4J/projects/Closure_106
命令为：cd /root/wkrem_2/D4J/projects/Closure_106 && defects4j compile
命令为：cd /root/wkrem_2/D4J/projects/Closure_106 && defects4j test
命令为：cd /root/wkrem_2 && ./NormalFLTBarRunner.sh /root/wkrem_2/D4J/projects/ Closure_106 /root/defects4j/
