Useless use of a variable in void context at /root/defects4j/framework/core/Project/Lang.pm line 92.
Checking out 1313a65c to /root/wkrem_0/D4J/projects/Lang_62................ OK
Init local repository...................................................... OK
Tag post-fix revision...................................................... OK
Excluding broken/flaky tests............................................... OK
Excluding broken/flaky tests............................................... OK
Excluding broken/flaky tests............................................... OK
Initialize fixed program version........................................... OK
Apply patch................................................................ OK
Initialize buggy program version........................................... OK
Diff 1313a65c:cb7bfbc0..................................................... OK
Apply patch................................................................ OK
Tag pre-fix revision....................................................... OK
Check out program version: Lang-62b........................................ OK
CatenaD4j# Tracing test files.............................................. Finished
CatenaD4j# Applying test patch............................................. Finished
CatenaD4j# Write to file................................................... Finished
CatenaD4j# Buggy program version checked out for Lang-62b1................. Finished
CatenaD4j# Commit BUGGY version............................................ Finished
CatenaD4j# Tag BUGGY version............................................... Finished
CatenaD4j# Initialize BUGGY version........................................ Finished
CatenaD4j# Tracing src files............................................... Finished
CatenaD4j# Applying src patch.............................................. Finished
CatenaD4j# Write to file................................................... Finished
CatenaD4j# Fixed program version checked out for Lang-62f1................. Finished
CatenaD4j# Commit FIXED version............................................ Finished
CatenaD4j# Tag FIXED version............................................... Finished
CatenaD4j# Initialize FIXED version........................................ Finished
CatenaD4j# Check out BUGGY version......................................... Finished
CatenaD4j# Clean files..................................................... Finished
CatenaD4j# Tasks all done.................................................. Finished
Reinitialized existing Git repository in /root/wkrem_0/D4J/projects/Lang_62/.git/
Lang_62_1
Lang
62
1
write_dir:/root/wkrem_0/D4J/projects/Lang_62
execute================catena4j checkout -p Lang -v 62b1 -w /root/wkrem_0/D4J/projects/Lang_62
命令为：cd /root/wkrem_0/D4J/projects/Lang_62 && defects4j compile
命令为：cd /root/wkrem_0/D4J/projects/Lang_62 && defects4j test
命令为：cd /root/wkrem_0 && ./NormalFLTBarRunner.sh /root/wkrem_0/D4J/projects/ Lang_62 /root/defects4j/
Traceback (most recent call last):
  File "runTBarForCatenaD4J.py", line 130, in <module>
    patch_output_dirlist = os.listdir(patch_output_root)
FileNotFoundError: [Errno 2] No such file or directory: '/root/wkrem_0/OUTPUT/NormalFL/TBar'
