Useless use of a variable in void context at /root/defects4j/framework/core/Project/Lang.pm line 92.
Checking out 19b63720 to /root/wkrem_0/D4J/projects/Lang_30................ OK
Init local repository...................................................... OK
Tag post-fix revision...................................................... OK
Run post-checkout hook..................................................... OK
Excluding broken/flaky tests............................................... OK
Excluding broken/flaky tests............................................... OK
Excluding broken/flaky tests............................................... OK
Initialize fixed program version........................................... OK
Apply patch................................................................ OK
Initialize buggy program version........................................... OK
Diff 19b63720:24f6517c..................................................... OK
Apply patch................................................................ OK
Tag pre-fix revision....................................................... OK
Check out program version: Lang-30b........................................ OK
CatenaD4j# Tracing test files.............................................. Finished
CatenaD4j# Applying test patch............................................. Finished
CatenaD4j# Write to file................................................... Finished
CatenaD4j# Buggy program version checked out for Lang-30b2................. Finished
CatenaD4j# Commit BUGGY version............................................ Finished
CatenaD4j# Tag BUGGY version............................................... Finished
CatenaD4j# Initialize BUGGY version........................................ Finished
CatenaD4j# Tracing src files............................................... Finished
CatenaD4j# Applying src patch.............................................. Finished
CatenaD4j# Write to file................................................... Finished
CatenaD4j# Fixed program version checked out for Lang-30f2................. Finished
CatenaD4j# Commit FIXED version............................................ Finished
CatenaD4j# Tag FIXED version............................................... Finished
CatenaD4j# Initialize FIXED version........................................ Finished
CatenaD4j# Check out BUGGY version......................................... Finished
CatenaD4j# Clean files..................................................... Finished
CatenaD4j# Tasks all done.................................................. Finished
Reinitialized existing Git repository in /root/wkrem_0/D4J/projects/Lang_30/.git/
Lang_30_2
Lang
30
2
write_dir:/root/wkrem_0/D4J/projects/Lang_30
execute================catena4j checkout -p Lang -v 30b2 -w /root/wkrem_0/D4J/projects/Lang_30
命令为：cd /root/wkrem_0/D4J/projects/Lang_30 && defects4j compile
命令为：cd /root/wkrem_0/D4J/projects/Lang_30 && defects4j test
命令为：cd /root/wkrem_0 && ./NormalFLTBarRunner.sh /root/wkrem_0/D4J/projects/ Lang_30 /root/defects4j/
