Checking out 77a6b3a4 to /root/wk5_2/D4J/projects/Time_12.................. OK
Init local repository...................................................... OK
Tag post-fix revision...................................................... OK
Excluding broken/flaky tests............................................... OK
Excluding broken/flaky tests............................................... OK
Excluding broken/flaky tests............................................... OK
Initialize fixed program version........................................... OK
Apply patch................................................................ OK
Initialize buggy program version........................................... OK
Diff 77a6b3a4:f2f9c814..................................................... OK
Apply patch................................................................ OK
Tag pre-fix revision....................................................... OK
Check out program version: Time-12b........................................ OK
CatenaD4j# Tracing test files.............................................. Finished
CatenaD4j# Applying test patch............................................. Finished
CatenaD4j# Write to file................................................... Finished
CatenaD4j# Buggy program version checked out for Time-12b2................. Finished
CatenaD4j# Commit BUGGY version............................................ Finished
CatenaD4j# Tag BUGGY version............................................... Finished
CatenaD4j# Initialize BUGGY version........................................ Finished
CatenaD4j# Tracing src files............................................... Finished
CatenaD4j# Applying src patch.............................................. Finished
CatenaD4j# Write to file................................................... Finished
CatenaD4j# Fixed program version checked out for Time-12f2................. Finished
CatenaD4j# Commit FIXED version............................................ Finished
CatenaD4j# Tag FIXED version............................................... Finished
CatenaD4j# Initialize FIXED version........................................ Finished
CatenaD4j# Check out BUGGY version......................................... Finished
CatenaD4j# Clean files..................................................... Finished
CatenaD4j# Tasks all done.................................................. Finished
Reinitialized existing Git repository in /root/wk5_2/D4J/projects/Time_12/.git/
Time_12_2
Time
12
2
write_dir:/root/wk5_2/D4J/projects/Time_12
execute================catena4j checkout -p Time -v 12b2 -w /root/wk5_2/D4J/projects/Time_12
命令为：cd /root/wk5_2/D4J/projects/Time_12 && defects4j compile
命令为：cd /root/wk5_2/D4J/projects/Time_12 && defects4j test
命令为：cd /root/wk5_2 && ./NormalFLTBarRunner.sh /root/wk5_2/D4J/projects/ Time_12 /root/defects4j/
