Checking out c7a581e5 to /root/wk5_3/D4J/projects/Time_26.................. OK
Init local repository...................................................... OK
Tag post-fix revision...................................................... OK
Fix broken build........................................................... OK
Run post-checkout hook..................................................... OK
Excluding broken/flaky tests............................................... OK
Excluding broken/flaky tests............................................... OK
Excluding broken/flaky tests............................................... OK
Initialize fixed program version........................................... OK
Apply patch................................................................ OK
Initialize buggy program version........................................... OK
Diff c7a581e5:218a7fe9..................................................... OK
Apply patch................................................................ OK
Tag pre-fix revision....................................................... OK
Check out program version: Time-26b........................................ OK
CatenaD4j# Tracing test files.............................................. Finished
CatenaD4j# Applying test patch............................................. Finished
CatenaD4j# Write to file................................................... Finished
CatenaD4j# Buggy program version checked out for Time-26b1................. Finished
CatenaD4j# Commit BUGGY version............................................ Finished
CatenaD4j# Tag BUGGY version............................................... Finished
CatenaD4j# Initialize BUGGY version........................................ Finished
CatenaD4j# Tracing src files............................................... Finished
CatenaD4j# Applying src patch.............................................. Finished
CatenaD4j# Write to file................................................... Finished
CatenaD4j# Fixed program version checked out for Time-26f1................. Finished
CatenaD4j# Commit FIXED version............................................ Finished
CatenaD4j# Tag FIXED version............................................... Finished
CatenaD4j# Initialize FIXED version........................................ Finished
CatenaD4j# Check out BUGGY version......................................... Finished
CatenaD4j# Clean files..................................................... Finished
CatenaD4j# Tasks all done.................................................. Finished
Reinitialized existing Git repository in /root/wk5_3/D4J/projects/Time_26/.git/
Time_26_1
Time
26
1
write_dir:/root/wk5_3/D4J/projects/Time_26
execute================catena4j checkout -p Time -v 26b1 -w /root/wk5_3/D4J/projects/Time_26
命令为：cd /root/wk5_3/D4J/projects/Time_26 && defects4j compile
命令为：cd /root/wk5_3/D4J/projects/Time_26 && defects4j test
命令为：cd /root/wk5_3 && ./NormalFLTBarRunner.sh /root/wk5_3/D4J/projects/ Time_26 /root/defects4j/
Traceback (most recent call last):
  File "runTBarForCatenaD4J.py", line 130, in <module>
    patch_output_dirlist = os.listdir(patch_output_root)
FileNotFoundError: [Errno 2] No such file or directory: '/root/wk5_3/OUTPUT/NormalFL/TBar'
