---
Begin generate bug_id: Dbutils_2
num_of_hunks: 2
timeout for running: 3600
use working dir: ./working/data/Dbutils_2
Try to checkout Dbutils_2
build dir: ['target/classes', 'target/test-classes']
init FileManager
trace file: src/main/java/org/apache/commons/dbutils/BasicRowProcessor.java
trying to replace old failing tests
edit: replace from 141 range 19 at src/test/java/org/apache/commons/dbutils/BasicRowProcessorTest.java
to
    public void testToMapOrdering$catena_0() throws SQLException {

        assertTrue(this.rs.next());                                                                         /***** ORIGINAL ASSERTION IS HERE *****/
        Map<String, Object> m = processor.toMap(this.rs);

        Iterator<String> itr = m.keySet().iterator();
        try{ assertEquals("one", itr.next());                                                               }catch(Throwable __SHOULD_BE_IGNORED){}
        try{ assertEquals("two", itr.next());                                                               }catch(Throwable __SHOULD_BE_IGNORED){}
        try{ assertEquals("three", itr.next());                                                             }catch(Throwable __SHOULD_BE_IGNORED){}
        try{ assertEquals("notInBean", itr.next());                                                         }catch(Throwable __SHOULD_BE_IGNORED){}
        try{ assertEquals("intTest", itr.next());                                                           }catch(Throwable __SHOULD_BE_IGNORED){}
        try{ assertEquals("integerTest", itr.next());                                                       }catch(Throwable __SHOULD_BE_IGNORED){}
        try{ assertEquals("nullObjectTest", itr.next());                                                    }catch(Throwable __SHOULD_BE_IGNORED){}
        try{ assertEquals("nullPrimitiveTest", itr.next());                                                 }catch(Throwable __SHOULD_BE_IGNORED){}
        try{ assertEquals("notDate", itr.next());                                                           }catch(Throwable __SHOULD_BE_IGNORED){}
        try{ assertEquals("columnProcessorDoubleTest", itr.next());                                         }catch(Throwable __SHOULD_BE_IGNORED){}

        try{ assertFalse(itr.hasNext());                                                                    }catch(Throwable __SHOULD_BE_IGNORED){}
    }     public void testToMapOrdering$catena_1() throws SQLException {

        try{ assertTrue(this.rs.next());                                                                    }catch(Throwable __SHOULD_BE_IGNORED){}
        Map<String, Object> m = processor.toMap(this.rs);

        Iterator<String> itr = m.keySet().iterator();
        assertEquals("one", itr.next());                                                                    /***** ORIGINAL ASSERTION IS HERE *****/
        try{ assertEquals("two", itr.next());                                                               }catch(Throwable __SHOULD_BE_IGNORED){}
        try{ assertEquals("three", itr.next());                                                             }catch(Throwable __SHOULD_BE_IGNORED){}
        try{ assertEquals("notInBean", itr.next());                                                         }catch(Throwable __SHOULD_BE_IGNORED){}
        try{ assertEquals("intTest", itr.next());                                                           }catch(Throwable __SHOULD_BE_IGNORED){}
        try{ assertEquals("integerTest", itr.next());                                                       }catch(Throwable __SHOULD_BE_IGNORED){}
        try{ assertEquals("nullObjectTest", itr.next());                                                    }catch(Throwable __SHOULD_BE_IGNORED){}
        try{ assertEquals("nullPrimitiveTest", itr.next());                                                 }catch(Throwable __SHOULD_BE_IGNORED){}
        try{ assertEquals("notDate", itr.next());                                                           }catch(Throwable __SHOULD_BE_IGNORED){}
        try{ assertEquals("columnProcessorDoubleTest", itr.next());                                         }catch(Throwable __SHOULD_BE_IGNORED){}

        try{ assertFalse(itr.hasNext());                                                                    }catch(Throwable __SHOULD_BE_IGNORED){}
    }     public void testToMapOrdering$catena_2() throws SQLException {

        try{ assertTrue(this.rs.next());                                                                    }catch(Throwable __SHOULD_BE_IGNORED){}
        Map<String, Object> m = processor.toMap(this.rs);

        Iterator<String> itr = m.keySet().iterator();
        try{ assertEquals("one", itr.next());                                                               }catch(Throwable __SHOULD_BE_IGNORED){}
        assertEquals("two", itr.next());                                                                    /***** ORIGINAL ASSERTION IS HERE *****/
        try{ assertEquals("three", itr.next());                                                             }catch(Throwable __SHOULD_BE_IGNORED){}
        try{ assertEquals("notInBean", itr.next());                                                         }catch(Throwable __SHOULD_BE_IGNORED){}
        try{ assertEquals("intTest", itr.next());                                                           }catch(Throwable __SHOULD_BE_IGNORED){}
        try{ assertEquals("integerTest", itr.next());                                                       }catch(Throwable __SHOULD_BE_IGNORED){}
        try{ assertEquals("nullObjectTest", itr.next());                                                    }catch(Throwable __SHOULD_BE_IGNORED){}
        try{ assertEquals("nullPrimitiveTest", itr.next());                                                 }catch(Throwable __SHOULD_BE_IGNORED){}
        try{ assertEquals("notDate", itr.next());                                                           }catch(Throwable __SHOULD_BE_IGNORED){}
        try{ assertEquals("columnProcessorDoubleTest", itr.next());                                         }catch(Throwable __SHOULD_BE_IGNORED){}

        try{ assertFalse(itr.hasNext());                                                                    }catch(Throwable __SHOULD_BE_IGNORED){}
    }     public void testToMapOrdering$catena_3() throws SQLException {

        try{ assertTrue(this.rs.next());                                                                    }catch(Throwable __SHOULD_BE_IGNORED){}
        Map<String, Object> m = processor.toMap(this.rs);

        Iterator<String> itr = m.keySet().iterator();
        try{ assertEquals("one", itr.next());                                                               }catch(Throwable __SHOULD_BE_IGNORED){}
        try{ assertEquals("two", itr.next());                                                               }catch(Throwable __SHOULD_BE_IGNORED){}
        assertEquals("three", itr.next());                                                                  /***** ORIGINAL ASSERTION IS HERE *****/
        try{ assertEquals("notInBean", itr.next());                                                         }catch(Throwable __SHOULD_BE_IGNORED){}
        try{ assertEquals("intTest", itr.next());                                                           }catch(Throwable __SHOULD_BE_IGNORED){}
        try{ assertEquals("integerTest", itr.next());                                                       }catch(Throwable __SHOULD_BE_IGNORED){}
        try{ assertEquals("nullObjectTest", itr.next());                                                    }catch(Throwable __SHOULD_BE_IGNORED){}
        try{ assertEquals("nullPrimitiveTest", itr.next());                                                 }catch(Throwable __SHOULD_BE_IGNORED){}
        try{ assertEquals("notDate", itr.next());                                                           }catch(Throwable __SHOULD_BE_IGNORED){}
        try{ assertEquals("columnProcessorDoubleTest", itr.next());                                         }catch(Throwable __SHOULD_BE_IGNORED){}

        try{ assertFalse(itr.hasNext());                                                                    }catch(Throwable __SHOULD_BE_IGNORED){}
    }     public void testToMapOrdering$catena_4() throws SQLException {

        try{ assertTrue(this.rs.next());                                                                    }catch(Throwable __SHOULD_BE_IGNORED){}
        Map<String, Object> m = processor.toMap(this.rs);

        Iterator<String> itr = m.keySet().iterator();
        try{ assertEquals("one", itr.next());                                                               }catch(Throwable __SHOULD_BE_IGNORED){}
        try{ assertEquals("two", itr.next());                                                               }catch(Throwable __SHOULD_BE_IGNORED){}
        try{ assertEquals("three", itr.next());                                                             }catch(Throwable __SHOULD_BE_IGNORED){}
        assertEquals("notInBean", itr.next());                                                              /***** ORIGINAL ASSERTION IS HERE *****/
        try{ assertEquals("intTest", itr.next());                                                           }catch(Throwable __SHOULD_BE_IGNORED){}
        try{ assertEquals("integerTest", itr.next());                                                       }catch(Throwable __SHOULD_BE_IGNORED){}
        try{ assertEquals("nullObjectTest", itr.next());                                                    }catch(Throwable __SHOULD_BE_IGNORED){}
        try{ assertEquals("nullPrimitiveTest", itr.next());                                                 }catch(Throwable __SHOULD_BE_IGNORED){}
        try{ assertEquals("notDate", itr.next());                                                           }catch(Throwable __SHOULD_BE_IGNORED){}
        try{ assertEquals("columnProcessorDoubleTest", itr.next());                                         }catch(Throwable __SHOULD_BE_IGNORED){}

        try{ assertFalse(itr.hasNext());                                                                    }catch(Throwable __SHOULD_BE_IGNORED){}
    }     public void testToMapOrdering$catena_5() throws SQLException {

        try{ assertTrue(this.rs.next());                                                                    }catch(Throwable __SHOULD_BE_IGNORED){}
        Map<String, Object> m = processor.toMap(this.rs);

        Iterator<String> itr = m.keySet().iterator();
        try{ assertEquals("one", itr.next());                                                               }catch(Throwable __SHOULD_BE_IGNORED){}
        try{ assertEquals("two", itr.next());                                                               }catch(Throwable __SHOULD_BE_IGNORED){}
        try{ assertEquals("three", itr.next());                                                             }catch(Throwable __SHOULD_BE_IGNORED){}
        try{ assertEquals("notInBean", itr.next());                                                         }catch(Throwable __SHOULD_BE_IGNORED){}
        assertEquals("intTest", itr.next());                                                                /***** ORIGINAL ASSERTION IS HERE *****/
        try{ assertEquals("integerTest", itr.next());                                                       }catch(Throwable __SHOULD_BE_IGNORED){}
        try{ assertEquals("nullObjectTest", itr.next());                                                    }catch(Throwable __SHOULD_BE_IGNORED){}
        try{ assertEquals("nullPrimitiveTest", itr.next());                                                 }catch(Throwable __SHOULD_BE_IGNORED){}
        try{ assertEquals("notDate", itr.next());                                                           }catch(Throwable __SHOULD_BE_IGNORED){}
        try{ assertEquals("columnProcessorDoubleTest", itr.next());                                         }catch(Throwable __SHOULD_BE_IGNORED){}

        try{ assertFalse(itr.hasNext());                                                                    }catch(Throwable __SHOULD_BE_IGNORED){}
    }     public void testToMapOrdering$catena_6() throws SQLException {

        try{ assertTrue(this.rs.next());                                                                    }catch(Throwable __SHOULD_BE_IGNORED){}
        Map<String, Object> m = processor.toMap(this.rs);

        Iterator<String> itr = m.keySet().iterator();
        try{ assertEquals("one", itr.next());                                                               }catch(Throwable __SHOULD_BE_IGNORED){}
        try{ assertEquals("two", itr.next());                                                               }catch(Throwable __SHOULD_BE_IGNORED){}
        try{ assertEquals("three", itr.next());                                                             }catch(Throwable __SHOULD_BE_IGNORED){}
        try{ assertEquals("notInBean", itr.next());                                                         }catch(Throwable __SHOULD_BE_IGNORED){}
        try{ assertEquals("intTest", itr.next());                                                           }catch(Throwable __SHOULD_BE_IGNORED){}
        assertEquals("integerTest", itr.next());                                                            /***** ORIGINAL ASSERTION IS HERE *****/
        try{ assertEquals("nullObjectTest", itr.next());                                                    }catch(Throwable __SHOULD_BE_IGNORED){}
        try{ assertEquals("nullPrimitiveTest", itr.next());                                                 }catch(Throwable __SHOULD_BE_IGNORED){}
        try{ assertEquals("notDate", itr.next());                                                           }catch(Throwable __SHOULD_BE_IGNORED){}
        try{ assertEquals("columnProcessorDoubleTest", itr.next());                                         }catch(Throwable __SHOULD_BE_IGNORED){}

        try{ assertFalse(itr.hasNext());                                                                    }catch(Throwable __SHOULD_BE_IGNORED){}
    }     public void testToMapOrdering$catena_7() throws SQLException {

        try{ assertTrue(this.rs.next());                                                                    }catch(Throwable __SHOULD_BE_IGNORED){}
        Map<String, Object> m = processor.toMap(this.rs);

        Iterator<String> itr = m.keySet().iterator();
        try{ assertEquals("one", itr.next());                                                               }catch(Throwable __SHOULD_BE_IGNORED){}
        try{ assertEquals("two", itr.next());                                                               }catch(Throwable __SHOULD_BE_IGNORED){}
        try{ assertEquals("three", itr.next());                                                             }catch(Throwable __SHOULD_BE_IGNORED){}
        try{ assertEquals("notInBean", itr.next());                                                         }catch(Throwable __SHOULD_BE_IGNORED){}
        try{ assertEquals("intTest", itr.next());                                                           }catch(Throwable __SHOULD_BE_IGNORED){}
        try{ assertEquals("integerTest", itr.next());                                                       }catch(Throwable __SHOULD_BE_IGNORED){}
        assertEquals("nullObjectTest", itr.next());                                                         /***** ORIGINAL ASSERTION IS HERE *****/
        try{ assertEquals("nullPrimitiveTest", itr.next());                                                 }catch(Throwable __SHOULD_BE_IGNORED){}
        try{ assertEquals("notDate", itr.next());                                                           }catch(Throwable __SHOULD_BE_IGNORED){}
        try{ assertEquals("columnProcessorDoubleTest", itr.next());                                         }catch(Throwable __SHOULD_BE_IGNORED){}

        try{ assertFalse(itr.hasNext());                                                                    }catch(Throwable __SHOULD_BE_IGNORED){}
    }     public void testToMapOrdering$catena_8() throws SQLException {

        try{ assertTrue(this.rs.next());                                                                    }catch(Throwable __SHOULD_BE_IGNORED){}
        Map<String, Object> m = processor.toMap(this.rs);

        Iterator<String> itr = m.keySet().iterator();
        try{ assertEquals("one", itr.next());                                                               }catch(Throwable __SHOULD_BE_IGNORED){}
        try{ assertEquals("two", itr.next());                                                               }catch(Throwable __SHOULD_BE_IGNORED){}
        try{ assertEquals("three", itr.next());                                                             }catch(Throwable __SHOULD_BE_IGNORED){}
        try{ assertEquals("notInBean", itr.next());                                                         }catch(Throwable __SHOULD_BE_IGNORED){}
        try{ assertEquals("intTest", itr.next());                                                           }catch(Throwable __SHOULD_BE_IGNORED){}
        try{ assertEquals("integerTest", itr.next());                                                       }catch(Throwable __SHOULD_BE_IGNORED){}
        try{ assertEquals("nullObjectTest", itr.next());                                                    }catch(Throwable __SHOULD_BE_IGNORED){}
        assertEquals("nullPrimitiveTest", itr.next());                                                      /***** ORIGINAL ASSERTION IS HERE *****/
        try{ assertEquals("notDate", itr.next());                                                           }catch(Throwable __SHOULD_BE_IGNORED){}
        try{ assertEquals("columnProcessorDoubleTest", itr.next());                                         }catch(Throwable __SHOULD_BE_IGNORED){}

        try{ assertFalse(itr.hasNext());                                                                    }catch(Throwable __SHOULD_BE_IGNORED){}
    }     public void testToMapOrdering$catena_9() throws SQLException {

        try{ assertTrue(this.rs.next());                                                                    }catch(Throwable __SHOULD_BE_IGNORED){}
        Map<String, Object> m = processor.toMap(this.rs);

        Iterator<String> itr = m.keySet().iterator();
        try{ assertEquals("one", itr.next());                                                               }catch(Throwable __SHOULD_BE_IGNORED){}
        try{ assertEquals("two", itr.next());                                                               }catch(Throwable __SHOULD_BE_IGNORED){}
        try{ assertEquals("three", itr.next());                                                             }catch(Throwable __SHOULD_BE_IGNORED){}
        try{ assertEquals("notInBean", itr.next());                                                         }catch(Throwable __SHOULD_BE_IGNORED){}
        try{ assertEquals("intTest", itr.next());                                                           }catch(Throwable __SHOULD_BE_IGNORED){}
        try{ assertEquals("integerTest", itr.next());                                                       }catch(Throwable __SHOULD_BE_IGNORED){}
        try{ assertEquals("nullObjectTest", itr.next());                                                    }catch(Throwable __SHOULD_BE_IGNORED){}
        try{ assertEquals("nullPrimitiveTest", itr.next());                                                 }catch(Throwable __SHOULD_BE_IGNORED){}
        assertEquals("notDate", itr.next());                                                                /***** ORIGINAL ASSERTION IS HERE *****/
        try{ assertEquals("columnProcessorDoubleTest", itr.next());                                         }catch(Throwable __SHOULD_BE_IGNORED){}

        try{ assertFalse(itr.hasNext());                                                                    }catch(Throwable __SHOULD_BE_IGNORED){}
    }     public void testToMapOrdering$catena_10() throws SQLException {

        try{ assertTrue(this.rs.next());                                                                    }catch(Throwable __SHOULD_BE_IGNORED){}
        Map<String, Object> m = processor.toMap(this.rs);

        Iterator<String> itr = m.keySet().iterator();
        try{ assertEquals("one", itr.next());                                                               }catch(Throwable __SHOULD_BE_IGNORED){}
        try{ assertEquals("two", itr.next());                                                               }catch(Throwable __SHOULD_BE_IGNORED){}
        try{ assertEquals("three", itr.next());                                                             }catch(Throwable __SHOULD_BE_IGNORED){}
        try{ assertEquals("notInBean", itr.next());                                                         }catch(Throwable __SHOULD_BE_IGNORED){}
        try{ assertEquals("intTest", itr.next());                                                           }catch(Throwable __SHOULD_BE_IGNORED){}
        try{ assertEquals("integerTest", itr.next());                                                       }catch(Throwable __SHOULD_BE_IGNORED){}
        try{ assertEquals("nullObjectTest", itr.next());                                                    }catch(Throwable __SHOULD_BE_IGNORED){}
        try{ assertEquals("nullPrimitiveTest", itr.next());                                                 }catch(Throwable __SHOULD_BE_IGNORED){}
        try{ assertEquals("notDate", itr.next());                                                           }catch(Throwable __SHOULD_BE_IGNORED){}
        assertEquals("columnProcessorDoubleTest", itr.next());                                              /***** ORIGINAL ASSERTION IS HERE *****/

        try{ assertFalse(itr.hasNext());                                                                    }catch(Throwable __SHOULD_BE_IGNORED){}
    }     public void testToMapOrdering$catena_11() throws SQLException {

        try{ assertTrue(this.rs.next());                                                                    }catch(Throwable __SHOULD_BE_IGNORED){}
        Map<String, Object> m = processor.toMap(this.rs);

        Iterator<String> itr = m.keySet().iterator();
        try{ assertEquals("one", itr.next());                                                               }catch(Throwable __SHOULD_BE_IGNORED){}
        try{ assertEquals("two", itr.next());                                                               }catch(Throwable __SHOULD_BE_IGNORED){}
        try{ assertEquals("three", itr.next());                                                             }catch(Throwable __SHOULD_BE_IGNORED){}
        try{ assertEquals("notInBean", itr.next());                                                         }catch(Throwable __SHOULD_BE_IGNORED){}
        try{ assertEquals("intTest", itr.next());                                                           }catch(Throwable __SHOULD_BE_IGNORED){}
        try{ assertEquals("integerTest", itr.next());                                                       }catch(Throwable __SHOULD_BE_IGNORED){}
        try{ assertEquals("nullObjectTest", itr.next());                                                    }catch(Throwable __SHOULD_BE_IGNORED){}
        try{ assertEquals("nullPrimitiveTest", itr.next());                                                 }catch(Throwable __SHOULD_BE_IGNORED){}
        try{ assertEquals("notDate", itr.next());                                                           }catch(Throwable __SHOULD_BE_IGNORED){}
        try{ assertEquals("columnProcessorDoubleTest", itr.next());                                         }catch(Throwable __SHOULD_BE_IGNORED){}

        assertFalse(itr.hasNext());                                                                         /***** ORIGINAL ASSERTION IS HERE *****/
    }
trace file: src/test/java/org/apache/commons/dbutils/BasicRowProcessorTest.java
new test num: 12
ori test num: 0
pattern: 00
patches are written to file
running tests...
used time: Finished in 7.34 seconds
Failing tests: 9
	org.apache.commons.dbutils.BasicRowProcessorTest::testToMapOrdering$catena_10
	org.apache.commons.dbutils.BasicRowProcessorTest::testToMapOrdering$catena_1
	org.apache.commons.dbutils.BasicRowProcessorTest::testToMapOrdering$catena_2
	org.apache.commons.dbutils.BasicRowProcessorTest::testToMapOrdering$catena_3
	org.apache.commons.dbutils.BasicRowProcessorTest::testToMapOrdering$catena_4
	org.apache.commons.dbutils.BasicRowProcessorTest::testToMapOrdering$catena_5
	org.apache.commons.dbutils.BasicRowProcessorTest::testToMapOrdering$catena_6
	org.apache.commons.dbutils.BasicRowProcessorTest::testToMapOrdering$catena_8
	org.apache.commons.dbutils.BasicRowProcessorTest::testToMapOrdering$catena_9
processed: 00
pattern: 01
try to fix hunk: 1
replace from 184 with range 1 to
    private static class CaseInsensitiveHashMap extends LinkedHashMap<String, Object> {

patches are written to file
running tests...
used time: Finished in 6.72 seconds
Failing tests: 9
	org.apache.commons.dbutils.BasicRowProcessorTest::testToMapOrdering$catena_10
	org.apache.commons.dbutils.BasicRowProcessorTest::testToMapOrdering$catena_1
	org.apache.commons.dbutils.BasicRowProcessorTest::testToMapOrdering$catena_2
	org.apache.commons.dbutils.BasicRowProcessorTest::testToMapOrdering$catena_3
	org.apache.commons.dbutils.BasicRowProcessorTest::testToMapOrdering$catena_4
	org.apache.commons.dbutils.BasicRowProcessorTest::testToMapOrdering$catena_5
	org.apache.commons.dbutils.BasicRowProcessorTest::testToMapOrdering$catena_6
	org.apache.commons.dbutils.BasicRowProcessorTest::testToMapOrdering$catena_8
	org.apache.commons.dbutils.BasicRowProcessorTest::testToMapOrdering$catena_9
No new failing tests but only 1 hunk
processed: 01
pattern: 10
try to fix hunk: 0
insert before 23 with import java.util.LinkedHashMap;

patches are written to file
running tests...
used time: Finished in 6.61 seconds
Failing tests: 9
	org.apache.commons.dbutils.BasicRowProcessorTest::testToMapOrdering$catena_10
	org.apache.commons.dbutils.BasicRowProcessorTest::testToMapOrdering$catena_1
	org.apache.commons.dbutils.BasicRowProcessorTest::testToMapOrdering$catena_2
	org.apache.commons.dbutils.BasicRowProcessorTest::testToMapOrdering$catena_3
	org.apache.commons.dbutils.BasicRowProcessorTest::testToMapOrdering$catena_4
	org.apache.commons.dbutils.BasicRowProcessorTest::testToMapOrdering$catena_5
	org.apache.commons.dbutils.BasicRowProcessorTest::testToMapOrdering$catena_6
	org.apache.commons.dbutils.BasicRowProcessorTest::testToMapOrdering$catena_8
	org.apache.commons.dbutils.BasicRowProcessorTest::testToMapOrdering$catena_9
No new failing tests but only 1 hunk
processed: 10
pattern: 11
try to fix hunk: 0
insert before 23 with import java.util.LinkedHashMap;

try to fix hunk: 1
replace from 184 with range 1 to
    private static class CaseInsensitiveHashMap extends LinkedHashMap<String, Object> {

patches are written to file
running tests...
used time: Finished in 7.06 seconds
Failing tests: 9
	org.apache.commons.dbutils.BasicRowProcessorTest::testToMapOrdering$catena_10
	org.apache.commons.dbutils.BasicRowProcessorTest::testToMapOrdering$catena_1
	org.apache.commons.dbutils.BasicRowProcessorTest::testToMapOrdering$catena_2
	org.apache.commons.dbutils.BasicRowProcessorTest::testToMapOrdering$catena_3
	org.apache.commons.dbutils.BasicRowProcessorTest::testToMapOrdering$catena_4
	org.apache.commons.dbutils.BasicRowProcessorTest::testToMapOrdering$catena_5
	org.apache.commons.dbutils.BasicRowProcessorTest::testToMapOrdering$catena_6
	org.apache.commons.dbutils.BasicRowProcessorTest::testToMapOrdering$catena_8
	org.apache.commons.dbutils.BasicRowProcessorTest::testToMapOrdering$catena_9
EXCEPTION: Could not pass after all fixed, should check
Can independently fix []
Could not fix independently
processed: 11
Find 0 new bugs
