---
Begin generate bug_id: Email_4
num_of_hunks: 2
timeout for running: 3600
use working dir: ./working/data/Email_4
Try to checkout Email_4
build dir: ['target/classes', 'target/test-classes']
init FileManager
trace file: src/main/java/org/apache/commons/mail/Email.java
trying to replace old failing tests
edit: replace from 1104 range 30 at src/test/java/org/apache/commons/mail/EmailTest.java
to
    public void testFoldingHeaders$catena_0() throws Exception
    {
        this.email.setHostName(this.strTestMailServer);
        this.email.setSmtpPort(this.getMailServerPort());
        this.email.setFrom("a@b.com");
        this.email.addTo("c@d.com");
        this.email.setSubject("test mail");

        final String headerValue = "1234567890 1234567890 123456789 01234567890 123456789 0123456789 01234567890 01234567890";
        this.email.addHeader("X-LongHeader", headerValue);
        
        assertTrue(this.email.getHeaders().size() == 1);                                                    /***** ORIGINAL ASSERTION IS HERE *****/
        // the header should not yet be folded -> will be done by buildMimeMessage()
        try{ assertTrue(this.email.getHeaders().get("X-LongHeader").toString().indexOf("\r\n") == -1);      }catch(Throwable __SHOULD_BE_IGNORED){}
        
        this.email.buildMimeMessage();

        MimeMessage msg = this.email.getMimeMessage();
        msg.saveChanges();
        
        String[] values = msg.getHeader("X-LongHeader");
        try{ assertEquals(1, values.length);                                                                }catch(Throwable __SHOULD_BE_IGNORED){}
        
        // the header should be split in two lines
        String[] lines = values[0].split("\\r\\n");
        try{ assertEquals(2, lines.length);                                                                 }catch(Throwable __SHOULD_BE_IGNORED){}
        
        // there should only be one line-break
        try{ assertTrue(values[0].indexOf("\n") == values[0].lastIndexOf("\n"));                            }catch(Throwable __SHOULD_BE_IGNORED){}
    }     public void testFoldingHeaders$catena_1() throws Exception
    {
        this.email.setHostName(this.strTestMailServer);
        this.email.setSmtpPort(this.getMailServerPort());
        this.email.setFrom("a@b.com");
        this.email.addTo("c@d.com");
        this.email.setSubject("test mail");

        final String headerValue = "1234567890 1234567890 123456789 01234567890 123456789 0123456789 01234567890 01234567890";
        this.email.addHeader("X-LongHeader", headerValue);
        
        try{ assertTrue(this.email.getHeaders().size() == 1);                                               }catch(Throwable __SHOULD_BE_IGNORED){}
        // the header should not yet be folded -> will be done by buildMimeMessage()
        assertTrue(this.email.getHeaders().get("X-LongHeader").toString().indexOf("\r\n") == -1);           /***** ORIGINAL ASSERTION IS HERE *****/
        
        this.email.buildMimeMessage();

        MimeMessage msg = this.email.getMimeMessage();
        msg.saveChanges();
        
        String[] values = msg.getHeader("X-LongHeader");
        try{ assertEquals(1, values.length);                                                                }catch(Throwable __SHOULD_BE_IGNORED){}
        
        // the header should be split in two lines
        String[] lines = values[0].split("\\r\\n");
        try{ assertEquals(2, lines.length);                                                                 }catch(Throwable __SHOULD_BE_IGNORED){}
        
        // there should only be one line-break
        try{ assertTrue(values[0].indexOf("\n") == values[0].lastIndexOf("\n"));                            }catch(Throwable __SHOULD_BE_IGNORED){}
    }     public void testFoldingHeaders$catena_2() throws Exception
    {
        this.email.setHostName(this.strTestMailServer);
        this.email.setSmtpPort(this.getMailServerPort());
        this.email.setFrom("a@b.com");
        this.email.addTo("c@d.com");
        this.email.setSubject("test mail");

        final String headerValue = "1234567890 1234567890 123456789 01234567890 123456789 0123456789 01234567890 01234567890";
        this.email.addHeader("X-LongHeader", headerValue);
        
        try{ assertTrue(this.email.getHeaders().size() == 1);                                               }catch(Throwable __SHOULD_BE_IGNORED){}
        // the header should not yet be folded -> will be done by buildMimeMessage()
        try{ assertTrue(this.email.getHeaders().get("X-LongHeader").toString().indexOf("\r\n") == -1);      }catch(Throwable __SHOULD_BE_IGNORED){}
        
        this.email.buildMimeMessage();

        MimeMessage msg = this.email.getMimeMessage();
        msg.saveChanges();
        
        String[] values = msg.getHeader("X-LongHeader");
        assertEquals(1, values.length);                                                                     /***** ORIGINAL ASSERTION IS HERE *****/
        
        // the header should be split in two lines
        String[] lines = values[0].split("\\r\\n");
        try{ assertEquals(2, lines.length);                                                                 }catch(Throwable __SHOULD_BE_IGNORED){}
        
        // there should only be one line-break
        try{ assertTrue(values[0].indexOf("\n") == values[0].lastIndexOf("\n"));                            }catch(Throwable __SHOULD_BE_IGNORED){}
    }     public void testFoldingHeaders$catena_3() throws Exception
    {
        this.email.setHostName(this.strTestMailServer);
        this.email.setSmtpPort(this.getMailServerPort());
        this.email.setFrom("a@b.com");
        this.email.addTo("c@d.com");
        this.email.setSubject("test mail");

        final String headerValue = "1234567890 1234567890 123456789 01234567890 123456789 0123456789 01234567890 01234567890";
        this.email.addHeader("X-LongHeader", headerValue);
        
        try{ assertTrue(this.email.getHeaders().size() == 1);                                               }catch(Throwable __SHOULD_BE_IGNORED){}
        // the header should not yet be folded -> will be done by buildMimeMessage()
        try{ assertTrue(this.email.getHeaders().get("X-LongHeader").toString().indexOf("\r\n") == -1);      }catch(Throwable __SHOULD_BE_IGNORED){}
        
        this.email.buildMimeMessage();

        MimeMessage msg = this.email.getMimeMessage();
        msg.saveChanges();
        
        String[] values = msg.getHeader("X-LongHeader");
        try{ assertEquals(1, values.length);                                                                }catch(Throwable __SHOULD_BE_IGNORED){}
        
        // the header should be split in two lines
        String[] lines = values[0].split("\\r\\n");
        assertEquals(2, lines.length);                                                                      /***** ORIGINAL ASSERTION IS HERE *****/
        
        // there should only be one line-break
        try{ assertTrue(values[0].indexOf("\n") == values[0].lastIndexOf("\n"));                            }catch(Throwable __SHOULD_BE_IGNORED){}
    }     public void testFoldingHeaders$catena_4() throws Exception
    {
        this.email.setHostName(this.strTestMailServer);
        this.email.setSmtpPort(this.getMailServerPort());
        this.email.setFrom("a@b.com");
        this.email.addTo("c@d.com");
        this.email.setSubject("test mail");

        final String headerValue = "1234567890 1234567890 123456789 01234567890 123456789 0123456789 01234567890 01234567890";
        this.email.addHeader("X-LongHeader", headerValue);
        
        try{ assertTrue(this.email.getHeaders().size() == 1);                                               }catch(Throwable __SHOULD_BE_IGNORED){}
        // the header should not yet be folded -> will be done by buildMimeMessage()
        try{ assertTrue(this.email.getHeaders().get("X-LongHeader").toString().indexOf("\r\n") == -1);      }catch(Throwable __SHOULD_BE_IGNORED){}
        
        this.email.buildMimeMessage();

        MimeMessage msg = this.email.getMimeMessage();
        msg.saveChanges();
        
        String[] values = msg.getHeader("X-LongHeader");
        try{ assertEquals(1, values.length);                                                                }catch(Throwable __SHOULD_BE_IGNORED){}
        
        // the header should be split in two lines
        String[] lines = values[0].split("\\r\\n");
        try{ assertEquals(2, lines.length);                                                                 }catch(Throwable __SHOULD_BE_IGNORED){}
        
        // there should only be one line-break
        assertTrue(values[0].indexOf("\n") == values[0].lastIndexOf("\n"));                                 /***** ORIGINAL ASSERTION IS HERE *****/
    }
trace file: src/test/java/org/apache/commons/mail/EmailTest.java
new test num: 5
ori test num: 0
pattern: 00
patches are written to file
running tests...
used time: Finished in 6.13 seconds
Failing tests: 3
	org.apache.commons.mail.EmailTest::testFoldingHeaders$catena_1
	org.apache.commons.mail.EmailTest::testFoldingHeaders$catena_3
	org.apache.commons.mail.EmailTest::testFoldingHeaders$catena_4
processed: 00
pattern: 01
try to fix hunk: 1
replace from 1198 with range 1 to
        this.headers.put(name, value);

patches are written to file
running tests...
used time: Finished in 4.97 seconds
Failing tests: 0
select new bug
Pattern: 01
new failing tests:
org.apache.commons.mail.EmailTest::testFoldingHeaders$catena_4
org.apache.commons.mail.EmailTest::testFoldingHeaders$catena_1
org.apache.commons.mail.EmailTest::testFoldingHeaders$catena_3
Save found bug
processed: 01
pattern: 10
try to fix hunk: 0
replace from 1174 with range 2 to
            this.headers.put(entry.getKey(), entry.getValue());

patches are written to file
running tests...
used time: Finished in 5.72 seconds
Failing tests: 3
	org.apache.commons.mail.EmailTest::testFoldingHeaders$catena_1
	org.apache.commons.mail.EmailTest::testFoldingHeaders$catena_3
	org.apache.commons.mail.EmailTest::testFoldingHeaders$catena_4
No new failing tests but only 1 hunk
processed: 10
pattern: 11
try to fix hunk: 0
replace from 1174 with range 2 to
            this.headers.put(entry.getKey(), entry.getValue());

try to fix hunk: 1
replace from 1198 with range 1 to
        this.headers.put(name, value);

patches are written to file
running tests...
used time: Finished in 5.47 seconds
Failing tests: 0
Can independently fix []
Could not fix independently
processed: 11
Find 1 new bugs
