---
Begin generate bug_id: Email_5
num_of_hunks: 3
timeout for running: 3600
use working dir: ./working/data/Email_5
Try to checkout Email_5
build dir: ['target/classes', 'target/test-classes']
init FileManager
trace file: src/main/java/org/apache/commons/mail/Email.java
trying to replace old failing tests
edit: replace from 1134 range 46 at src/test/java/org/apache/commons/mail/EmailTest.java
to
    public void testSetHeadersEx$catena_0()
    {
        // ====================================================================
        // Test Exceptions
        // ====================================================================
        // first test
        Map<String, String> htBad = new Hashtable<String, String>();
        htBad.put("X-Mailer", "");

        Map<?, ?> arrExpected = new Hashtable<Object, Object>();

        try
        {
            this.email.setHeaders(htBad);
            fail("Should have thrown an exception");                                                        /***** ORIGINAL ASSERTION IS HERE *****/
        }
        catch (IllegalArgumentException e)
        {
            try{ assertTrue(true);                                                                          }catch(Throwable __SHOULD_BE_IGNORED){}
        }

        try{ assertEquals(arrExpected.size(), this.email.getHeaders().size());                              }catch(Throwable __SHOULD_BE_IGNORED){}
        try{ assertEquals(
            arrExpected.toString(),
            this.email.getHeaders().toString());                                                            }catch(Throwable __SHOULD_BE_IGNORED){}

        // ====================================================================
        // second test
        htBad = new Hashtable<String, String>();
        htBad.put("", "me@home.com");

        try
        {
            this.email.setHeaders(htBad);
            try{ fail("Should have thrown an exception");                                                   }catch(Throwable __SHOULD_BE_IGNORED){}
        }
        catch (IllegalArgumentException e)
        {
            try{ assertTrue(true);                                                                          }catch(Throwable __SHOULD_BE_IGNORED){}
        }

        try{ assertEquals(arrExpected.size(), this.email.getHeaders().size());                              }catch(Throwable __SHOULD_BE_IGNORED){}
        try{ assertEquals(
            arrExpected.toString(),
            this.email.getHeaders().toString());                                                            }catch(Throwable __SHOULD_BE_IGNORED){}
    }     public void testSetHeadersEx$catena_1()
    {
        // ====================================================================
        // Test Exceptions
        // ====================================================================
        // first test
        Map<String, String> htBad = new Hashtable<String, String>();
        htBad.put("X-Mailer", "");

        Map<?, ?> arrExpected = new Hashtable<Object, Object>();

        try
        {
            this.email.setHeaders(htBad);
            try{ fail("Should have thrown an exception");                                                   }catch(Throwable __SHOULD_BE_IGNORED){}
        }
        catch (IllegalArgumentException e)
        {
            assertTrue(true);                                                                               /***** ORIGINAL ASSERTION IS HERE *****/
        }

        try{ assertEquals(arrExpected.size(), this.email.getHeaders().size());                              }catch(Throwable __SHOULD_BE_IGNORED){}
        try{ assertEquals(
            arrExpected.toString(),
            this.email.getHeaders().toString());                                                            }catch(Throwable __SHOULD_BE_IGNORED){}

        // ====================================================================
        // second test
        htBad = new Hashtable<String, String>();
        htBad.put("", "me@home.com");

        try
        {
            this.email.setHeaders(htBad);
            try{ fail("Should have thrown an exception");                                                   }catch(Throwable __SHOULD_BE_IGNORED){}
        }
        catch (IllegalArgumentException e)
        {
            try{ assertTrue(true);                                                                          }catch(Throwable __SHOULD_BE_IGNORED){}
        }

        try{ assertEquals(arrExpected.size(), this.email.getHeaders().size());                              }catch(Throwable __SHOULD_BE_IGNORED){}
        try{ assertEquals(
            arrExpected.toString(),
            this.email.getHeaders().toString());                                                            }catch(Throwable __SHOULD_BE_IGNORED){}
    }     public void testSetHeadersEx$catena_2()
    {
        // ====================================================================
        // Test Exceptions
        // ====================================================================
        // first test
        Map<String, String> htBad = new Hashtable<String, String>();
        htBad.put("X-Mailer", "");

        Map<?, ?> arrExpected = new Hashtable<Object, Object>();

        try
        {
            this.email.setHeaders(htBad);
            try{ fail("Should have thrown an exception");                                                   }catch(Throwable __SHOULD_BE_IGNORED){}
        }
        catch (IllegalArgumentException e)
        {
            try{ assertTrue(true);                                                                          }catch(Throwable __SHOULD_BE_IGNORED){}
        }

        assertEquals(arrExpected.size(), this.email.getHeaders().size());                                   /***** ORIGINAL ASSERTION IS HERE *****/
        try{ assertEquals(
            arrExpected.toString(),
            this.email.getHeaders().toString());                                                            }catch(Throwable __SHOULD_BE_IGNORED){}

        // ====================================================================
        // second test
        htBad = new Hashtable<String, String>();
        htBad.put("", "me@home.com");

        try
        {
            this.email.setHeaders(htBad);
            try{ fail("Should have thrown an exception");                                                   }catch(Throwable __SHOULD_BE_IGNORED){}
        }
        catch (IllegalArgumentException e)
        {
            try{ assertTrue(true);                                                                          }catch(Throwable __SHOULD_BE_IGNORED){}
        }

        try{ assertEquals(arrExpected.size(), this.email.getHeaders().size());                              }catch(Throwable __SHOULD_BE_IGNORED){}
        try{ assertEquals(
            arrExpected.toString(),
            this.email.getHeaders().toString());                                                            }catch(Throwable __SHOULD_BE_IGNORED){}
    }     public void testSetHeadersEx$catena_3()
    {
        // ====================================================================
        // Test Exceptions
        // ====================================================================
        // first test
        Map<String, String> htBad = new Hashtable<String, String>();
        htBad.put("X-Mailer", "");

        Map<?, ?> arrExpected = new Hashtable<Object, Object>();

        try
        {
            this.email.setHeaders(htBad);
            try{ fail("Should have thrown an exception");                                                   }catch(Throwable __SHOULD_BE_IGNORED){}
        }
        catch (IllegalArgumentException e)
        {
            try{ assertTrue(true);                                                                          }catch(Throwable __SHOULD_BE_IGNORED){}
        }

        try{ assertEquals(arrExpected.size(), this.email.getHeaders().size());                              }catch(Throwable __SHOULD_BE_IGNORED){}
        assertEquals(
            arrExpected.toString(),
            this.email.getHeaders().toString());                                                            /***** ORIGINAL ASSERTION IS HERE *****/

        // ====================================================================
        // second test
        htBad = new Hashtable<String, String>();
        htBad.put("", "me@home.com");

        try
        {
            this.email.setHeaders(htBad);
            try{ fail("Should have thrown an exception");                                                   }catch(Throwable __SHOULD_BE_IGNORED){}
        }
        catch (IllegalArgumentException e)
        {
            try{ assertTrue(true);                                                                          }catch(Throwable __SHOULD_BE_IGNORED){}
        }

        try{ assertEquals(arrExpected.size(), this.email.getHeaders().size());                              }catch(Throwable __SHOULD_BE_IGNORED){}
        try{ assertEquals(
            arrExpected.toString(),
            this.email.getHeaders().toString());                                                            }catch(Throwable __SHOULD_BE_IGNORED){}
    }     public void testSetHeadersEx$catena_4()
    {
        // ====================================================================
        // Test Exceptions
        // ====================================================================
        // first test
        Map<String, String> htBad = new Hashtable<String, String>();
        htBad.put("X-Mailer", "");

        Map<?, ?> arrExpected = new Hashtable<Object, Object>();

        try
        {
            this.email.setHeaders(htBad);
            try{ fail("Should have thrown an exception");                                                   }catch(Throwable __SHOULD_BE_IGNORED){}
        }
        catch (IllegalArgumentException e)
        {
            try{ assertTrue(true);                                                                          }catch(Throwable __SHOULD_BE_IGNORED){}
        }

        try{ assertEquals(arrExpected.size(), this.email.getHeaders().size());                              }catch(Throwable __SHOULD_BE_IGNORED){}
        try{ assertEquals(
            arrExpected.toString(),
            this.email.getHeaders().toString());                                                            }catch(Throwable __SHOULD_BE_IGNORED){}

        // ====================================================================
        // second test
        htBad = new Hashtable<String, String>();
        htBad.put("", "me@home.com");

        try
        {
            this.email.setHeaders(htBad);
            fail("Should have thrown an exception");                                                        /***** ORIGINAL ASSERTION IS HERE *****/
        }
        catch (IllegalArgumentException e)
        {
            try{ assertTrue(true);                                                                          }catch(Throwable __SHOULD_BE_IGNORED){}
        }

        try{ assertEquals(arrExpected.size(), this.email.getHeaders().size());                              }catch(Throwable __SHOULD_BE_IGNORED){}
        try{ assertEquals(
            arrExpected.toString(),
            this.email.getHeaders().toString());                                                            }catch(Throwable __SHOULD_BE_IGNORED){}
    }     public void testSetHeadersEx$catena_5()
    {
        // ====================================================================
        // Test Exceptions
        // ====================================================================
        // first test
        Map<String, String> htBad = new Hashtable<String, String>();
        htBad.put("X-Mailer", "");

        Map<?, ?> arrExpected = new Hashtable<Object, Object>();

        try
        {
            this.email.setHeaders(htBad);
            try{ fail("Should have thrown an exception");                                                   }catch(Throwable __SHOULD_BE_IGNORED){}
        }
        catch (IllegalArgumentException e)
        {
            try{ assertTrue(true);                                                                          }catch(Throwable __SHOULD_BE_IGNORED){}
        }

        try{ assertEquals(arrExpected.size(), this.email.getHeaders().size());                              }catch(Throwable __SHOULD_BE_IGNORED){}
        try{ assertEquals(
            arrExpected.toString(),
            this.email.getHeaders().toString());                                                            }catch(Throwable __SHOULD_BE_IGNORED){}

        // ====================================================================
        // second test
        htBad = new Hashtable<String, String>();
        htBad.put("", "me@home.com");

        try
        {
            this.email.setHeaders(htBad);
            try{ fail("Should have thrown an exception");                                                   }catch(Throwable __SHOULD_BE_IGNORED){}
        }
        catch (IllegalArgumentException e)
        {
            assertTrue(true);                                                                               /***** ORIGINAL ASSERTION IS HERE *****/
        }

        try{ assertEquals(arrExpected.size(), this.email.getHeaders().size());                              }catch(Throwable __SHOULD_BE_IGNORED){}
        try{ assertEquals(
            arrExpected.toString(),
            this.email.getHeaders().toString());                                                            }catch(Throwable __SHOULD_BE_IGNORED){}
    }     public void testSetHeadersEx$catena_6()
    {
        // ====================================================================
        // Test Exceptions
        // ====================================================================
        // first test
        Map<String, String> htBad = new Hashtable<String, String>();
        htBad.put("X-Mailer", "");

        Map<?, ?> arrExpected = new Hashtable<Object, Object>();

        try
        {
            this.email.setHeaders(htBad);
            try{ fail("Should have thrown an exception");                                                   }catch(Throwable __SHOULD_BE_IGNORED){}
        }
        catch (IllegalArgumentException e)
        {
            try{ assertTrue(true);                                                                          }catch(Throwable __SHOULD_BE_IGNORED){}
        }

        try{ assertEquals(arrExpected.size(), this.email.getHeaders().size());                              }catch(Throwable __SHOULD_BE_IGNORED){}
        try{ assertEquals(
            arrExpected.toString(),
            this.email.getHeaders().toString());                                                            }catch(Throwable __SHOULD_BE_IGNORED){}

        // ====================================================================
        // second test
        htBad = new Hashtable<String, String>();
        htBad.put("", "me@home.com");

        try
        {
            this.email.setHeaders(htBad);
            try{ fail("Should have thrown an exception");                                                   }catch(Throwable __SHOULD_BE_IGNORED){}
        }
        catch (IllegalArgumentException e)
        {
            try{ assertTrue(true);                                                                          }catch(Throwable __SHOULD_BE_IGNORED){}
        }

        assertEquals(arrExpected.size(), this.email.getHeaders().size());                                   /***** ORIGINAL ASSERTION IS HERE *****/
        try{ assertEquals(
            arrExpected.toString(),
            this.email.getHeaders().toString());                                                            }catch(Throwable __SHOULD_BE_IGNORED){}
    }     public void testSetHeadersEx$catena_7()
    {
        // ====================================================================
        // Test Exceptions
        // ====================================================================
        // first test
        Map<String, String> htBad = new Hashtable<String, String>();
        htBad.put("X-Mailer", "");

        Map<?, ?> arrExpected = new Hashtable<Object, Object>();

        try
        {
            this.email.setHeaders(htBad);
            try{ fail("Should have thrown an exception");                                                   }catch(Throwable __SHOULD_BE_IGNORED){}
        }
        catch (IllegalArgumentException e)
        {
            try{ assertTrue(true);                                                                          }catch(Throwable __SHOULD_BE_IGNORED){}
        }

        try{ assertEquals(arrExpected.size(), this.email.getHeaders().size());                              }catch(Throwable __SHOULD_BE_IGNORED){}
        try{ assertEquals(
            arrExpected.toString(),
            this.email.getHeaders().toString());                                                            }catch(Throwable __SHOULD_BE_IGNORED){}

        // ====================================================================
        // second test
        htBad = new Hashtable<String, String>();
        htBad.put("", "me@home.com");

        try
        {
            this.email.setHeaders(htBad);
            try{ fail("Should have thrown an exception");                                                   }catch(Throwable __SHOULD_BE_IGNORED){}
        }
        catch (IllegalArgumentException e)
        {
            try{ assertTrue(true);                                                                          }catch(Throwable __SHOULD_BE_IGNORED){}
        }

        try{ assertEquals(arrExpected.size(), this.email.getHeaders().size());                              }catch(Throwable __SHOULD_BE_IGNORED){}
        assertEquals(
            arrExpected.toString(),
            this.email.getHeaders().toString());                                                            /***** ORIGINAL ASSERTION IS HERE *****/
    }
trace file: src/test/java/org/apache/commons/mail/EmailTest.java
new test num: 8
ori test num: 0
pattern: 000
patches are written to file
running tests...
used time: Finished in 5.32 seconds
Failing tests: 6
	org.apache.commons.mail.EmailTest::testSetHeadersEx$catena_0
	org.apache.commons.mail.EmailTest::testSetHeadersEx$catena_2
	org.apache.commons.mail.EmailTest::testSetHeadersEx$catena_3
	org.apache.commons.mail.EmailTest::testSetHeadersEx$catena_4
	org.apache.commons.mail.EmailTest::testSetHeadersEx$catena_6
	org.apache.commons.mail.EmailTest::testSetHeadersEx$catena_7
processed: 000
pattern: 001
try to fix hunk: 2
replace from 1195 with range 1 to
            throw new IllegalArgumentException("value can not be null or empty");

patches are written to file
running tests...
seems testing failed, see output:
<OUTPUT>
<Common Compile Failed>
<ENDOUTPUT>
processed: 001
pattern: 010
try to fix hunk: 1
replace from 1191 with range 1 to
            throw new IllegalArgumentException("name can not be null or empty");

patches are written to file
running tests...
seems testing failed, see output:
<OUTPUT>
<Common Compile Failed>
<ENDOUTPUT>
processed: 010
pattern: 100
try to fix hunk: 0
replace from 1174 with range 1 to
            addHeader(entry.getKey(), entry.getValue());

patches are written to file
running tests...
seems testing failed, see output:
<OUTPUT>
<Common Compile Failed>
<ENDOUTPUT>
processed: 100
pattern: 011
try to fix hunk: 1
replace from 1191 with range 1 to
            throw new IllegalArgumentException("name can not be null or empty");

try to fix hunk: 2
replace from 1195 with range 1 to
            throw new IllegalArgumentException("value can not be null or empty");

patches are written to file
running tests...
seems testing failed, see output:
<OUTPUT>
<Common Compile Failed>
<ENDOUTPUT>
processed: 011
pattern: 101
try to fix hunk: 0
replace from 1174 with range 1 to
            addHeader(entry.getKey(), entry.getValue());

try to fix hunk: 2
replace from 1195 with range 1 to
            throw new IllegalArgumentException("value can not be null or empty");

patches are written to file
running tests...
seems testing failed, see output:
<OUTPUT>
<Common Compile Failed>
<ENDOUTPUT>
processed: 101
pattern: 110
try to fix hunk: 0
replace from 1174 with range 1 to
            addHeader(entry.getKey(), entry.getValue());

try to fix hunk: 1
replace from 1191 with range 1 to
            throw new IllegalArgumentException("name can not be null or empty");

patches are written to file
running tests...
seems testing failed, see output:
<OUTPUT>
<Common Compile Failed>
<ENDOUTPUT>
processed: 110
pattern: 111
try to fix hunk: 0
replace from 1174 with range 1 to
            addHeader(entry.getKey(), entry.getValue());

try to fix hunk: 1
replace from 1191 with range 1 to
            throw new IllegalArgumentException("name can not be null or empty");

try to fix hunk: 2
replace from 1195 with range 1 to
            throw new IllegalArgumentException("value can not be null or empty");

patches are written to file
running tests...
seems testing failed, see output:
<OUTPUT>
<Common Compile Failed>
<ENDOUTPUT>
ERROR: Looks like unexpected compilation failed, may be methods are incorrectly split
EXCEPTION: Inside Exception task should end
Traceback (most recent call last):
  File "run.py", line 41, in task
    generator.run()
  File "/catena/scripts/generate_bugs/timeout_decorator/timeout_decorator.py", line 82, in new_function
    return function(*args, **kwargs)
  File "/catena/scripts/generate_bugs/runner.py", line 85, in run
    self._run()
  File "/catena/scripts/generate_bugs/runner.py", line 111, in _run
    self.taskSingleHunk(task)
  File "/catena/scripts/generate_bugs/runner.py", line 159, in taskSingleHunk
    raise Exception('task should end')
Exception: task should end

