---
Begin generate bug_id: Text_1
num_of_hunks: 2
timeout for running: 3600
use working dir: ./working/data/Text_1
Try to checkout Text_1
build dir: ['target/classes', 'target/test-classes']
init FileManager
trace file: src/main/java/org/apache/commons/text/similarity/JaroWinklerDistance.java
trying to replace old failing tests
edit: replace from 36 range 11 at src/test/java/org/apache/commons/text/similarity/JaroWinklerDistanceTest.java
to
    @Test
    public void testGetJaroWinklerDistance_StringString$catena_0() {
        assertEquals(0.92499d, (double) distance.apply("frog", "fog"), 0.00001d);                                                            /***** ORIGINAL ASSERTION IS HERE *****/
        try{ assertEquals(0.0d, (double) distance.apply("fly", "ant"), 0.0d);                                                                }catch(Throwable __SHOULD_BE_IGNORED){}
        try{ assertEquals(0.44166d, (double) distance.apply("elephant", "hippo"), 0.00001d);                                                 }catch(Throwable __SHOULD_BE_IGNORED){}
        try{ assertEquals(0.92740d, (double) distance.apply("ABC Corporation", "ABC Corp"), 0.00001d);                                       }catch(Throwable __SHOULD_BE_IGNORED){}
        try{ assertEquals(0.94580d, (double) distance.apply("D N H Enterprises Inc", "D & H Enterprises, Inc."), 0.00001d);                  }catch(Throwable __SHOULD_BE_IGNORED){}
        try{ assertEquals(0.921458d, (double) distance.apply("My Gym Children's Fitness Center", "My Gym. Childrens Fitness"), 0.00001d);    }catch(Throwable __SHOULD_BE_IGNORED){}
        try{ assertEquals(0.882329d, (double) distance.apply("PENNSYLVANIA", "PENNCISYLVNIA"), 0.00001d);                                    }catch(Throwable __SHOULD_BE_IGNORED){}
        try{ assertEquals(0.996598d, (double) distance.apply("/opt/software1", "/opt/software2"), 0.00001d);                                 }catch(Throwable __SHOULD_BE_IGNORED){}
    }     @Test
    public void testGetJaroWinklerDistance_StringString$catena_1() {
        try{ assertEquals(0.92499d, (double) distance.apply("frog", "fog"), 0.00001d);                                                       }catch(Throwable __SHOULD_BE_IGNORED){}
        assertEquals(0.0d, (double) distance.apply("fly", "ant"), 0.0d);                                                                     /***** ORIGINAL ASSERTION IS HERE *****/
        try{ assertEquals(0.44166d, (double) distance.apply("elephant", "hippo"), 0.00001d);                                                 }catch(Throwable __SHOULD_BE_IGNORED){}
        try{ assertEquals(0.92740d, (double) distance.apply("ABC Corporation", "ABC Corp"), 0.00001d);                                       }catch(Throwable __SHOULD_BE_IGNORED){}
        try{ assertEquals(0.94580d, (double) distance.apply("D N H Enterprises Inc", "D & H Enterprises, Inc."), 0.00001d);                  }catch(Throwable __SHOULD_BE_IGNORED){}
        try{ assertEquals(0.921458d, (double) distance.apply("My Gym Children's Fitness Center", "My Gym. Childrens Fitness"), 0.00001d);    }catch(Throwable __SHOULD_BE_IGNORED){}
        try{ assertEquals(0.882329d, (double) distance.apply("PENNSYLVANIA", "PENNCISYLVNIA"), 0.00001d);                                    }catch(Throwable __SHOULD_BE_IGNORED){}
        try{ assertEquals(0.996598d, (double) distance.apply("/opt/software1", "/opt/software2"), 0.00001d);                                 }catch(Throwable __SHOULD_BE_IGNORED){}
    }     @Test
    public void testGetJaroWinklerDistance_StringString$catena_2() {
        try{ assertEquals(0.92499d, (double) distance.apply("frog", "fog"), 0.00001d);                                                       }catch(Throwable __SHOULD_BE_IGNORED){}
        try{ assertEquals(0.0d, (double) distance.apply("fly", "ant"), 0.0d);                                                                }catch(Throwable __SHOULD_BE_IGNORED){}
        assertEquals(0.44166d, (double) distance.apply("elephant", "hippo"), 0.00001d);                                                      /***** ORIGINAL ASSERTION IS HERE *****/
        try{ assertEquals(0.92740d, (double) distance.apply("ABC Corporation", "ABC Corp"), 0.00001d);                                       }catch(Throwable __SHOULD_BE_IGNORED){}
        try{ assertEquals(0.94580d, (double) distance.apply("D N H Enterprises Inc", "D & H Enterprises, Inc."), 0.00001d);                  }catch(Throwable __SHOULD_BE_IGNORED){}
        try{ assertEquals(0.921458d, (double) distance.apply("My Gym Children's Fitness Center", "My Gym. Childrens Fitness"), 0.00001d);    }catch(Throwable __SHOULD_BE_IGNORED){}
        try{ assertEquals(0.882329d, (double) distance.apply("PENNSYLVANIA", "PENNCISYLVNIA"), 0.00001d);                                    }catch(Throwable __SHOULD_BE_IGNORED){}
        try{ assertEquals(0.996598d, (double) distance.apply("/opt/software1", "/opt/software2"), 0.00001d);                                 }catch(Throwable __SHOULD_BE_IGNORED){}
    }     @Test
    public void testGetJaroWinklerDistance_StringString$catena_3() {
        try{ assertEquals(0.92499d, (double) distance.apply("frog", "fog"), 0.00001d);                                                       }catch(Throwable __SHOULD_BE_IGNORED){}
        try{ assertEquals(0.0d, (double) distance.apply("fly", "ant"), 0.0d);                                                                }catch(Throwable __SHOULD_BE_IGNORED){}
        try{ assertEquals(0.44166d, (double) distance.apply("elephant", "hippo"), 0.00001d);                                                 }catch(Throwable __SHOULD_BE_IGNORED){}
        assertEquals(0.92740d, (double) distance.apply("ABC Corporation", "ABC Corp"), 0.00001d);                                            /***** ORIGINAL ASSERTION IS HERE *****/
        try{ assertEquals(0.94580d, (double) distance.apply("D N H Enterprises Inc", "D & H Enterprises, Inc."), 0.00001d);                  }catch(Throwable __SHOULD_BE_IGNORED){}
        try{ assertEquals(0.921458d, (double) distance.apply("My Gym Children's Fitness Center", "My Gym. Childrens Fitness"), 0.00001d);    }catch(Throwable __SHOULD_BE_IGNORED){}
        try{ assertEquals(0.882329d, (double) distance.apply("PENNSYLVANIA", "PENNCISYLVNIA"), 0.00001d);                                    }catch(Throwable __SHOULD_BE_IGNORED){}
        try{ assertEquals(0.996598d, (double) distance.apply("/opt/software1", "/opt/software2"), 0.00001d);                                 }catch(Throwable __SHOULD_BE_IGNORED){}
    }     @Test
    public void testGetJaroWinklerDistance_StringString$catena_4() {
        try{ assertEquals(0.92499d, (double) distance.apply("frog", "fog"), 0.00001d);                                                       }catch(Throwable __SHOULD_BE_IGNORED){}
        try{ assertEquals(0.0d, (double) distance.apply("fly", "ant"), 0.0d);                                                                }catch(Throwable __SHOULD_BE_IGNORED){}
        try{ assertEquals(0.44166d, (double) distance.apply("elephant", "hippo"), 0.00001d);                                                 }catch(Throwable __SHOULD_BE_IGNORED){}
        try{ assertEquals(0.92740d, (double) distance.apply("ABC Corporation", "ABC Corp"), 0.00001d);                                       }catch(Throwable __SHOULD_BE_IGNORED){}
        assertEquals(0.94580d, (double) distance.apply("D N H Enterprises Inc", "D & H Enterprises, Inc."), 0.00001d);                       /***** ORIGINAL ASSERTION IS HERE *****/
        try{ assertEquals(0.921458d, (double) distance.apply("My Gym Children's Fitness Center", "My Gym. Childrens Fitness"), 0.00001d);    }catch(Throwable __SHOULD_BE_IGNORED){}
        try{ assertEquals(0.882329d, (double) distance.apply("PENNSYLVANIA", "PENNCISYLVNIA"), 0.00001d);                                    }catch(Throwable __SHOULD_BE_IGNORED){}
        try{ assertEquals(0.996598d, (double) distance.apply("/opt/software1", "/opt/software2"), 0.00001d);                                 }catch(Throwable __SHOULD_BE_IGNORED){}
    }     @Test
    public void testGetJaroWinklerDistance_StringString$catena_5() {
        try{ assertEquals(0.92499d, (double) distance.apply("frog", "fog"), 0.00001d);                                                       }catch(Throwable __SHOULD_BE_IGNORED){}
        try{ assertEquals(0.0d, (double) distance.apply("fly", "ant"), 0.0d);                                                                }catch(Throwable __SHOULD_BE_IGNORED){}
        try{ assertEquals(0.44166d, (double) distance.apply("elephant", "hippo"), 0.00001d);                                                 }catch(Throwable __SHOULD_BE_IGNORED){}
        try{ assertEquals(0.92740d, (double) distance.apply("ABC Corporation", "ABC Corp"), 0.00001d);                                       }catch(Throwable __SHOULD_BE_IGNORED){}
        try{ assertEquals(0.94580d, (double) distance.apply("D N H Enterprises Inc", "D & H Enterprises, Inc."), 0.00001d);                  }catch(Throwable __SHOULD_BE_IGNORED){}
        assertEquals(0.921458d, (double) distance.apply("My Gym Children's Fitness Center", "My Gym. Childrens Fitness"), 0.00001d);         /***** ORIGINAL ASSERTION IS HERE *****/
        try{ assertEquals(0.882329d, (double) distance.apply("PENNSYLVANIA", "PENNCISYLVNIA"), 0.00001d);                                    }catch(Throwable __SHOULD_BE_IGNORED){}
        try{ assertEquals(0.996598d, (double) distance.apply("/opt/software1", "/opt/software2"), 0.00001d);                                 }catch(Throwable __SHOULD_BE_IGNORED){}
    }     @Test
    public void testGetJaroWinklerDistance_StringString$catena_6() {
        try{ assertEquals(0.92499d, (double) distance.apply("frog", "fog"), 0.00001d);                                                       }catch(Throwable __SHOULD_BE_IGNORED){}
        try{ assertEquals(0.0d, (double) distance.apply("fly", "ant"), 0.0d);                                                                }catch(Throwable __SHOULD_BE_IGNORED){}
        try{ assertEquals(0.44166d, (double) distance.apply("elephant", "hippo"), 0.00001d);                                                 }catch(Throwable __SHOULD_BE_IGNORED){}
        try{ assertEquals(0.92740d, (double) distance.apply("ABC Corporation", "ABC Corp"), 0.00001d);                                       }catch(Throwable __SHOULD_BE_IGNORED){}
        try{ assertEquals(0.94580d, (double) distance.apply("D N H Enterprises Inc", "D & H Enterprises, Inc."), 0.00001d);                  }catch(Throwable __SHOULD_BE_IGNORED){}
        try{ assertEquals(0.921458d, (double) distance.apply("My Gym Children's Fitness Center", "My Gym. Childrens Fitness"), 0.00001d);    }catch(Throwable __SHOULD_BE_IGNORED){}
        assertEquals(0.882329d, (double) distance.apply("PENNSYLVANIA", "PENNCISYLVNIA"), 0.00001d);                                         /***** ORIGINAL ASSERTION IS HERE *****/
        try{ assertEquals(0.996598d, (double) distance.apply("/opt/software1", "/opt/software2"), 0.00001d);                                 }catch(Throwable __SHOULD_BE_IGNORED){}
    }     @Test
    public void testGetJaroWinklerDistance_StringString$catena_7() {
        try{ assertEquals(0.92499d, (double) distance.apply("frog", "fog"), 0.00001d);                                                       }catch(Throwable __SHOULD_BE_IGNORED){}
        try{ assertEquals(0.0d, (double) distance.apply("fly", "ant"), 0.0d);                                                                }catch(Throwable __SHOULD_BE_IGNORED){}
        try{ assertEquals(0.44166d, (double) distance.apply("elephant", "hippo"), 0.00001d);                                                 }catch(Throwable __SHOULD_BE_IGNORED){}
        try{ assertEquals(0.92740d, (double) distance.apply("ABC Corporation", "ABC Corp"), 0.00001d);                                       }catch(Throwable __SHOULD_BE_IGNORED){}
        try{ assertEquals(0.94580d, (double) distance.apply("D N H Enterprises Inc", "D & H Enterprises, Inc."), 0.00001d);                  }catch(Throwable __SHOULD_BE_IGNORED){}
        try{ assertEquals(0.921458d, (double) distance.apply("My Gym Children's Fitness Center", "My Gym. Childrens Fitness"), 0.00001d);    }catch(Throwable __SHOULD_BE_IGNORED){}
        try{ assertEquals(0.882329d, (double) distance.apply("PENNSYLVANIA", "PENNCISYLVNIA"), 0.00001d);                                    }catch(Throwable __SHOULD_BE_IGNORED){}
        assertEquals(0.996598d, (double) distance.apply("/opt/software1", "/opt/software2"), 0.00001d);                                      /***** ORIGINAL ASSERTION IS HERE *****/
    }
trace file: src/test/java/org/apache/commons/text/similarity/JaroWinklerDistanceTest.java
new test num: 8
ori test num: 0
pattern: 00
patches are written to file
running tests...
used time: Finished in 8.43 seconds
Failing tests: 7
	org.apache.commons.text.similarity.JaroWinklerDistanceTest::testGetJaroWinklerDistance_StringString$catena_0
	org.apache.commons.text.similarity.JaroWinklerDistanceTest::testGetJaroWinklerDistance_StringString$catena_2
	org.apache.commons.text.similarity.JaroWinklerDistanceTest::testGetJaroWinklerDistance_StringString$catena_3
	org.apache.commons.text.similarity.JaroWinklerDistanceTest::testGetJaroWinklerDistance_StringString$catena_4
	org.apache.commons.text.similarity.JaroWinklerDistanceTest::testGetJaroWinklerDistance_StringString$catena_5
	org.apache.commons.text.similarity.JaroWinklerDistanceTest::testGetJaroWinklerDistance_StringString$catena_6
	org.apache.commons.text.similarity.JaroWinklerDistanceTest::testGetJaroWinklerDistance_StringString$catena_7
processed: 00
pattern: 01
try to fix hunk: 1
replace from 91 with range 1 to
        return jw;

patches are written to file
running tests...
used time: Finished in 7.92 seconds
Failing tests: 0
select new bug
Pattern: 01
new failing tests:
org.apache.commons.text.similarity.JaroWinklerDistanceTest::testGetJaroWinklerDistance_StringString$catena_2
org.apache.commons.text.similarity.JaroWinklerDistanceTest::testGetJaroWinklerDistance_StringString$catena_7
org.apache.commons.text.similarity.JaroWinklerDistanceTest::testGetJaroWinklerDistance_StringString$catena_0
org.apache.commons.text.similarity.JaroWinklerDistanceTest::testGetJaroWinklerDistance_StringString$catena_6
org.apache.commons.text.similarity.JaroWinklerDistanceTest::testGetJaroWinklerDistance_StringString$catena_3
org.apache.commons.text.similarity.JaroWinklerDistanceTest::testGetJaroWinklerDistance_StringString$catena_4
org.apache.commons.text.similarity.JaroWinklerDistanceTest::testGetJaroWinklerDistance_StringString$catena_5
Save found bug
processed: 01
pattern: 10
try to fix hunk: 0
delete from 78 with range 1
patches are written to file
running tests...
seems testing failed, see output:
<OUTPUT>
<Common Compile Failed>
<ENDOUTPUT>
processed: 10
pattern: 11
try to fix hunk: 0
delete from 78 with range 1
try to fix hunk: 1
replace from 91 with range 1 to
        return jw;

patches are written to file
running tests...
used time: Finished in 8.23 seconds
Failing tests: 0
Can independently fix []
Could not fix independently
processed: 11
Find 1 new bugs
