---
Begin generate bug_id: Text_2
num_of_hunks: 3
timeout for running: 3600
use working dir: ./working/data/Text_2
Try to checkout Text_2
build dir: ['target/classes', 'target/test-classes']
init FileManager
trace file: src/main/java/org/apache/commons/text/WordUtils.java
trying to replace old failing tests
new test num: 0
ori test num: 2
pattern: 000
patches are written to file
running tests...
used time: Finished in 8.33 seconds
Failing tests: 2
	org.apache.commons.text.WordUtilsTest::testCapitalizeFully_Text88
	org.apache.commons.text.WordUtilsTest::testUnCapitalize_Text88
processed: 000
pattern: 001
try to fix hunk: 2
replace from 548 with range 2 to
        if (StringUtils.isEmpty(str)) {

patches are written to file
running tests...
used time: Finished in 8.31 seconds
Failing tests: 1
	org.apache.commons.text.WordUtilsTest::testCapitalizeFully_Text88
select new bug
Pattern: 001
new failing tests:
org.apache.commons.text.WordUtilsTest::testUnCapitalize_Text88
Save found bug
processed: 001
pattern: 010
try to fix hunk: 1
replace from 493 with range 2 to
        if (StringUtils.isEmpty(str)) {

patches are written to file
running tests...
used time: Finished in 9.57 seconds
Failing tests: 2
	org.apache.commons.text.WordUtilsTest::testCapitalizeFully_Text88
	org.apache.commons.text.WordUtilsTest::testUnCapitalize_Text88
No new failing tests but only 1 hunk
processed: 010
pattern: 100
try to fix hunk: 0
replace from 414 with range 2 to
        if (StringUtils.isEmpty(str)) {

patches are written to file
running tests...
used time: Finished in 8.34 seconds
Failing tests: 2
	org.apache.commons.text.WordUtilsTest::testCapitalizeFully_Text88
	org.apache.commons.text.WordUtilsTest::testUnCapitalize_Text88
No new failing tests but only 1 hunk
processed: 100
pattern: 011
try to fix hunk: 1
replace from 493 with range 2 to
        if (StringUtils.isEmpty(str)) {

try to fix hunk: 2
replace from 548 with range 2 to
        if (StringUtils.isEmpty(str)) {

patches are written to file
running tests...
used time: Finished in 7.55 seconds
Failing tests: 1
	org.apache.commons.text.WordUtilsTest::testCapitalizeFully_Text88
Can independently fix []
Could not fix independently
processed: 011
pattern: 101
try to fix hunk: 0
replace from 414 with range 2 to
        if (StringUtils.isEmpty(str)) {

try to fix hunk: 2
replace from 548 with range 2 to
        if (StringUtils.isEmpty(str)) {

patches are written to file
running tests...
used time: Finished in 8.63 seconds
Failing tests: 1
	org.apache.commons.text.WordUtilsTest::testCapitalizeFully_Text88
Can independently fix []
Could not fix independently
processed: 101
pattern: 110
try to fix hunk: 0
replace from 414 with range 2 to
        if (StringUtils.isEmpty(str)) {

try to fix hunk: 1
replace from 493 with range 2 to
        if (StringUtils.isEmpty(str)) {

patches are written to file
running tests...
used time: Finished in 8.31 seconds
Failing tests: 1
	org.apache.commons.text.WordUtilsTest::testUnCapitalize_Text88
Can independently fix ['org.apache.commons.text.WordUtilsTest::testCapitalizeFully_Text88']
select new bug
Pattern: 110
new failing tests:
org.apache.commons.text.WordUtilsTest::testCapitalizeFully_Text88
Save found bug
processed: 110
pattern: 111
try to fix hunk: 0
replace from 414 with range 2 to
        if (StringUtils.isEmpty(str)) {

try to fix hunk: 1
replace from 493 with range 2 to
        if (StringUtils.isEmpty(str)) {

try to fix hunk: 2
replace from 548 with range 2 to
        if (StringUtils.isEmpty(str)) {

patches are written to file
running tests...
used time: Finished in 7.08 seconds
Failing tests: 0
Can independently fix []
Could not fix independently
processed: 111
Find 2 new bugs
