Checking out 227 to /root/wk_2/D4J/projects/Chart_22....................... OK
Init local repository...................................................... OK
Tag post-fix revision...................................................... OK
Apply patch................................................................ OK
Run post-checkout hook..................................................... OK
Excluding broken/flaky tests............................................... OK
Excluding broken/flaky tests............................................... OK
Initialize fixed program version........................................... OK
Apply patch................................................................ OK
Initialize buggy program version........................................... OK
Diff 227:225............................................................... OK
Apply patch................................................................ OK
Tag pre-fix revision....................................................... OK
Check out program version: Chart-22b....................................... OK
CatenaD4j# Tracing test files.............................................. Finished
CatenaD4j# Applying test patch............................................. Finished
CatenaD4j# Write to file................................................... Finished
CatenaD4j# Buggy program version checked out for Chart-22b4................ Finished
CatenaD4j# Commit BUGGY version............................................ Finished
CatenaD4j# Tag BUGGY version............................................... Finished
CatenaD4j# Initialize BUGGY version........................................ Finished
CatenaD4j# Tracing src files............................................... Finished
CatenaD4j# Applying src patch.............................................. Finished
CatenaD4j# Write to file................................................... Finished
CatenaD4j# Fixed program version checked out for Chart-22f4................ Finished
CatenaD4j# Commit FIXED version............................................ Finished
CatenaD4j# Tag FIXED version............................................... Finished
CatenaD4j# Initialize FIXED version........................................ Finished
CatenaD4j# Check out BUGGY version......................................... Finished
CatenaD4j# Clean files..................................................... Finished
CatenaD4j# Tasks all done.................................................. Finished
Reinitialized existing Git repository in /root/wk_2/D4J/projects/Chart_22/.git/
Chart_22_4
Chart
22
4
write_dir:/root/wk_2/D4J/projects/Chart_22
execute================catena4j checkout -p Chart -v 22b4 -w /root/wk_2/D4J/projects/Chart_22
命令为：cd /root/wk_2/D4J/projects/Chart_22 && defects4j compile
命令为：cd /root/wk_2/D4J/projects/Chart_22 && defects4j test
命令为：cd /root/wk_2 && ./NormalFLTBarRunner.sh /root/wk_2/D4J/projects/ Chart_22 /root/defects4j/
