Checking out 14dedcbc to /root/wk_2/D4J/projects/Time_23................... OK
Init local repository...................................................... OK
Tag post-fix revision...................................................... OK
Run post-checkout hook..................................................... OK
Excluding broken/flaky tests............................................... OK
Excluding broken/flaky tests............................................... OK
Excluding broken/flaky tests............................................... OK
Initialize fixed program version........................................... OK
Apply patch................................................................ OK
Initialize buggy program version........................................... OK
Diff 14dedcbc:bfd37a81..................................................... OK
Apply patch................................................................ OK
Tag pre-fix revision....................................................... OK
Check out program version: Time-23b........................................ OK
CatenaD4j# Tracing test files.............................................. Finished
CatenaD4j# Applying test patch............................................. Finished
CatenaD4j# Write to file................................................... Finished
CatenaD4j# Buggy program version checked out for Time-23b1................. Finished
CatenaD4j# Commit BUGGY version............................................ Finished
CatenaD4j# Tag BUGGY version............................................... Finished
CatenaD4j# Initialize BUGGY version........................................ Finished
CatenaD4j# Tracing src files............................................... Finished
CatenaD4j# Applying src patch.............................................. Finished
CatenaD4j# Write to file................................................... Finished
CatenaD4j# Fixed program version checked out for Time-23f1................. Finished
CatenaD4j# Commit FIXED version............................................ Finished
CatenaD4j# Tag FIXED version............................................... Finished
CatenaD4j# Initialize FIXED version........................................ Finished
CatenaD4j# Check out BUGGY version......................................... Finished
CatenaD4j# Clean files..................................................... Finished
CatenaD4j# Tasks all done.................................................. Finished
Reinitialized existing Git repository in /root/wk_2/D4J/projects/Time_23/.git/
Time_23_1
Time
23
1
write_dir:/root/wk_2/D4J/projects/Time_23
execute================catena4j checkout -p Time -v 23b1 -w /root/wk_2/D4J/projects/Time_23
命令为：cd /root/wk_2/D4J/projects/Time_23 && defects4j compile
命令为：cd /root/wk_2/D4J/projects/Time_23 && defects4j test
命令为：cd /root/wk_2 && ./NormalFLTBarRunner.sh /root/wk_2/D4J/projects/ Time_23 /root/defects4j/
